0000=music.data0
0612=music.data1
3BDB=music.data2
4CCE=music.stack
4CCF=music.play2
4CD5=@loop
4CFF=STARTPLAYER
4D05=PLAYROUTINE
4D0D=BYTE0
4D15=BYTE1
4D1E=BYTE2
4D27=BYTE3
4D30=BYTE4
4D39=BYTE5
4D42=BYTE6
4D4C=BYTE7
4D55=BYTEA
4D60=BYTE8
4D69=BYTE9
4D72=BYTEB
4D7C=BYTE10
4D85=BYTE11
4D8E=BYTE14
4D9B=BYTE15
4DA5=BYTE16
4DAE=BYTE17
4DB7=BYTE18
4DC1=BYTE19
4DCB=AFTERSOUNDCHIP
4DDD=NOPATTERND
4DF2=NEXTCOMMAND1
4DF8=JRSTARTS
4E67=DONEWTEMPO
4E6F=DOPATTDELAY
4E78=DOJUMPLOOP
4E90=DONEREPEAT
4E96=NEWREPEAT
4EAF=DONEWSONGPOS
4EBB=YESSONGPOS
4EC3=DOPATTBREAK
4EDE=NOLOOPSONG
4EF3=DOENVELOPE1
4EFC=DOENVELOPE2
4F05=DOCUTNOTE1
4F15=DONOCOMMAND1
4F20=DOSETVOLUME1
4F35=DOSETCHORD1
4F5C=DOUPSLIDE1
4F76=DODNSLIDE1
4F8D=DOPORTAMENTO1
4FA9=PORTAMDN1
4FC0=PORTAMUP1
4FD7=DOREPORTAM1
4FE3=DOVIBRATO1
4FFE=DOTREMOLO1
5019=DOCUTCHANNEL1
502C=DODELAYNOTE1
5041=DONOORN1
5048=DONOORNINS1
504F=DONEWORN1
506E=DONEWBOTH1
508A=DONEWINST1
50A6=DONOTE1
50CF=AFTERCHANGES1
50D0=NEXTCOMMAND2
512D=DOCUTNOTE2
513D=DONOCOMMAND2
5148=DOSETVOLUME2
515D=DOSETCHORD2
5184=DOUPSLIDE2
519E=DODNSLIDE2
51B5=DOPORTAMENTO2
51D1=PORTAMDN2
51E8=PORTAMUP2
51FF=DOREPORTAM2
520B=DOVIBRATO2
5226=DOTREMOLO2
5241=DOCUTCHANNEL2
5254=DODELAYNOTE2
5269=DONOORN2
5270=DONOORNINS2
5277=DONEWORN2
5296=DONEWBOTH2
52B2=DONEWINST2
52CE=DONOTE2
52F7=AFTERCHANGES2
52F8=NEXTCOMMAND3
5352=DOCUTNOTE3
5362=DONOCOMMAND3
536D=DOSETVOLUME3
5382=DOSETCHORD3
53A9=DOUPSLIDE3
53C3=DODNSLIDE3
53DA=DOPORTAMENTO3
53F6=PORTAMDN3
540D=PORTAMUP3
5424=DOREPORTAM3
5430=DOVIBRATO3
544B=DOTREMOLO3
5466=DOCUTCHANNEL3
5479=DODELAYNOTE3
548E=DONOORN3
5495=DONOORNINS3
549C=DONEWORN3
54BB=DONEWBOTH3
54D7=DONEWINST3
54F3=DONOTE3
551C=AFTERCHANGES3
551D=NEXTCOMMAND4
5574=DOCUTNOTE4
5584=DONOCOMMAND4
558F=DOSETVOLUME4
55A4=DOSETCHORD4
55CB=DOUPSLIDE4
55E5=DODNSLIDE4
55FC=DOPORTAMENTO4
5618=PORTAMDN4
562F=PORTAMUP4
5646=DOREPORTAM4
5652=DOVIBRATO4
566D=DOTREMOLO4
5688=DOCUTCHANNEL4
569B=DODELAYNOTE4
56B0=DONOORN4
56B7=DONOORNINS4
56BE=DONEWORN4
56DD=DONEWBOTH4
56F9=DONEWINST4
5715=DONOTE4
573E=AFTERCHANGES4
573F=NEXTCOMMAND5
5793=DOCUTNOTE5
57A3=DONOCOMMAND5
57AE=DOSETVOLUME5
57C3=DOSETCHORD5
57EA=DOUPSLIDE5
5804=DODNSLIDE5
581B=DOPORTAMENTO5
5837=PORTAMDN5
584E=PORTAMUP5
5865=DOREPORTAM5
5871=DOVIBRATO5
588C=DOTREMOLO5
58A7=DOCUTCHANNEL5
58BA=DODELAYNOTE5
58CF=DONOORN5
58D6=DONOORNINS5
58DD=DONEWORN5
58FC=DONEWBOTH5
5918=DONEWINST5
5934=DONOTE5
595D=AFTERCHANGES5
595E=NEXTCOMMAND6
59AF=DOCUTNOTE6
59BF=DONOCOMMAND6
59CA=DOSETVOLUME6
59DF=DOSETCHORD6
5A06=DOUPSLIDE6
5A20=DODNSLIDE6
5A37=DOPORTAMENTO6
5A53=PORTAMDN6
5A6A=PORTAMUP6
5A81=DOREPORTAM6
5A8D=DOVIBRATO6
5AA8=DOTREMOLO6
5AC3=DOCUTCHANNEL6
5AD6=DODELAYNOTE6
5AEB=DONOORN6
5AF2=DONOORNINS6
5AF9=DONEWORN6
5B18=DONEWBOTH6
5B34=DONEWINST6
5B50=DONOTE6
5B79=AFTERCHANGES6
5B7B=SETADDR
5B7F=AFTERSETADDR
5B83=PATDELAYTEMPO
5B85=NOCHANGES
5B9C=NODELAY1
5BAA=NOCUT1
5BBF=DOCH1
5BDF=FREQ1
5BE9=NOISE1
5C0C=AFTERORN1
5C12=ENDEDORN1
5C15=JPSETVOLUME1
5C1D=NORESETVOLL1
5C26=NORESETVOLR1
5C2B=JPVIBRATO1
5C49=OCTAVIBRA1
5C4F=JPTREMOLO1
5C6D=OKAYTLCHAN1
5C82=OKAYTRCHAN1
5C8E=JPCHORD1_1
5CA5=JPCHORD1_2
5CBC=JPCHORD1_0
5CC4=JPUPSLIDE1
5CE0=NOTOKAYUP1
5CF0=JPDNSLIDE1
5D0C=NOTOKAYDN1
5D1C=AFTERCOMMAND1
5D2C=OKAYTONE1
5D34=AFTERCH1
5D46=NODELAY2
5D54=NOCUT2
5D69=DOCH2
5D8B=FREQ2
5D97=NOISE2
5DBA=AFTERORN2
5DC0=ENDEDORN2
5DC3=JPSETVOLUME2
5DCB=NORESETVOLL2
5DD4=NORESETVOLR2
5DD9=JPVIBRATO2
5DF7=OCTAVIBRA2
5DFD=JPTREMOLO2
5E1B=OKAYTLCHAN2
5E30=OKAYTRCHAN2
5E3C=JPCHORD2_1
5E53=JPCHORD2_2
5E6A=JPCHORD2_0
5E72=JPUPSLIDE2
5E8E=NOTOKAYUP2
5E9E=JPDNSLIDE2
5EBA=NOTOKAYDN2
5ECA=AFTERCOMMAND2
5EDA=OKAYTONE2
5EE7=AFTERCH2
5F01=NODELAY3
5F0F=NOCUT3
5F24=DOCH3
5F46=FREQ3
5F52=NOISE3
5F75=AFTERORN3
5F7B=ENDEDORN3
5F7E=JPSETVOLUME3
5F86=NORESETVOLL3
5F8F=NORESETVOLR3
5F94=JPVIBRATO3
5FB2=OCTAVIBRA3
5FB8=JPTREMOLO3
5FD6=OKAYTLCHAN3
5FEB=OKAYTRCHAN3
5FF7=JPCHORD3_1
600E=JPCHORD3_2
6025=JPCHORD3_0
602D=JPUPSLIDE3
6049=NOTOKAYUP3
6059=JPDNSLIDE3
6075=NOTOKAYDN3
6085=AFTERCOMMAND3
6095=OKAYTONE3
609D=AFTERCH3
60AF=NODELAY4
60BD=NOCUT4
60D2=DOCH4
60F3=FREQ4
6103=NOISE4
6126=AFTERORN4
612C=ENDEDORN4
612F=JPSETVOLUME4
6137=NORESETVOLL4
6140=NORESETVOLR4
6145=JPVIBRATO4
6161=int.start
6163=OCTAVIBRA4
6169=JPTREMOLO4
6182=@jump_addr
6187=OKAYTLCHAN4
618C=int.set
619C=OKAYTRCHAN4
619D=@rest_hi
61A5=@rest_sp
61A8=JPCHORD4_1
61AC=int.stack.tiny
61AD=int.status
61BB=@save_regs
61BF=JPCHORD4_2
61D6=JPCHORD4_0
61DE=JPUPSLIDE4
61E6=int.pal_light
61EE=int.pal_dark
61F6=int.ll.off
61FA=NOTOKAYUP4
6205=int.end
620A=JPDNSLIDE4
6226=NOTOKAYDN4
6236=AFTERCOMMAND4
6245=jump.stack
6246=OKAYTONE4
6253=AFTERCH4
625E=@loop
626D=NODELAY5
6275=@loop
627B=NOCUT5
628A=@rest_hi
628E=@rest_sp
6290=DOCH5
6292=@print_barADE
6298=@loop
62A6=@clear
62AE=@next
62B1=FREQ5
62BB=jump.end
62C1=NOISE5
62E4=AFTERORN5
62EA=ENDEDORN5
62ED=JPSETVOLUME5
62F5=NORESETVOLL5
62FE=NORESETVOLR5
6303=JPVIBRATO5
6321=OCTAVIBRA5
6327=JPTREMOLO5
6345=OKAYTLCHAN5
635A=OKAYTRCHAN5
6366=JPCHORD5_1
637D=JPCHORD5_2
6394=JPCHORD5_0
639C=JPUPSLIDE5
63B8=NOTOKAYUP5
63C8=JPDNSLIDE5
63E4=NOTOKAYDN5
63F4=AFTERCOMMAND5
6404=OKAYTONE5
640C=AFTERCH5
641E=NODELAY6
642C=NOCUT6
6441=DOCH6
6462=FREQ6
6472=NOISE6
6495=AFTERORN6
649B=ENDEDORN6
649E=JPSETVOLUME6
64A6=NORESETVOLL6
64AF=NORESETVOLR6
64B4=JPVIBRATO6
64D2=OCTAVIBRA6
64D8=JPTREMOLO6
64F6=OKAYTLCHAN6
650B=OKAYTRCHAN6
6517=JPCHORD6_1
652E=JPCHORD6_2
6545=JPCHORD6_0
654D=JPUPSLIDE6
6569=NOTOKAYUP6
6579=JPDNSLIDE6
6595=NOTOKAYDN6
65A5=AFTERCOMMAND6
65B5=OKAYTONE6
65C2=AFTERCH6
65D8=RPLAYERDASH
65DD=SILENTLOOP
6700=VIBRATABLE
6B00=SEMITONETABLE
6B10=ADDORNAMENT
6BD0=SOUNDTABLE
6BE4=ENDPLAYER
6C0C=@noround
6C0F=@no_fade
6C13=@skip
6C1A=@loop
6D00=music.volume_table
8000=auto.start
8047=@stack
8087=int.main.stack
8088=curr_palette
808A=house.set_paletteHL
8094=house.set_curr_palette
809D=house.palette
80AD=house.restore_background_palette
80B3=house.palette_offA
80B6=@loop
80BB=house.clear_screensA
80C8=house.wait_frame
80D0=house.wait_lineA
80D2=@loop
80DA=int.new_frames_elapsed.live
80DB=int.new_frames_elapsed
80DC=int.sprites.on
80DD=int.next
80DF=int.jump
80E1=int.reset
80E3=int.setup
8103=int.ll.installHL
8118=int.onHLDE
8128=int.handler.src
81CC=jump.prep
81D8=jump.src
828E=gfx.print_logo
8298=@y_loop
82A9=gfx.logo
927B=keys.extra
927C=keys.curr
927D=keys.input
92BB=game.print_screen
92CF=game.wait
9321=@play_music
932F=@play_sfx
9338=@volume_down
934C=@volume_up
9360=main.volume
9361=disp.game
9365=maths.multADE
936F=@skip
9399=maths.seed
939D=maths.rand
93C3=@loop
93C8=@skip
93CC=music.src
93D2=music.lengths
93D8=music.playing
93D9=music.volume
93DA=music.fade.on
93DB=music.fade.timer
93DC=music.curr_len
93DE=music.curr_time
93E0=music.speed
93E1=music.curr_tune
93E2=music.int_mode
93E3=music.off
93E9=@loop
93FA=music.setA
9445=@rest_lo
944B=music.play
9458=music.loop
9463=@test_end
9479=@play
947C=@update_timer
9483=@rest_lo
9488=music.set_volA
9497=@rest_lo
949D=music.get_vol
94AA=@rest_lo
94B0=sfx.jump_table
94F0=sfx.example.dataADS
94F8=@loop
94FE=sfx.example.dataR
950A=sfx.score_point.dataADS
9525=sfx.score_point.data2ADS
9540=sfx.score_complete.dataADS
9558=sfx.score_complete.data2ADS
9570=sfx.bubble_pop.dataADS
95B2=sfx.bonus_arp.dataADS
9642=sfx.bonus_arp.data2ADS
96D2=sfx.fanfare.dataADS
9723=sfx.fanfare.data2ADS
9774=sfx.click.dataADS
977D=sfx.level_complete.dataADS
97FE=sfx.level_complete.data2ADS
987F=sfx.mode
9880=sfx.data
98B8=sfx.init.data
98D4=sfx.volume
9900=sfx.volume_table
9A00=sfx.pan_table
9B00=sfx.init.out
9B0F=sfx.soundDABC
9B12=sfx.soundDA
9B19=sfx.setC.out
9B2E=@find_slot_loop
9B3E=@success
9B64=@find_sound_loop
9B71=@check_release
9B7A=@set_sound1
9BB2=@set_sound2
9BBE=@skip
9BF9=@rand_size
9C18=@quit
9C1E=sfx.update.out
9C41=@rest_lo
9C4A=@process_effects
9C57=@update_loop
9C7D=@next_slot
9C8A=sfx.updateIX
9C90=@test_live
9C9B=@test_loop
9CA8=@read_pitch
9CC5=@skip
9CD3=sfx.update2IX
9CD9=@test_live
9CE4=@test_loop
9CF1=@read_pitch
9D0E=@skip
9D1C=sfx.attenuateA
9D3E=@outputIY0
9D79=@end
9D7B=@output2IY3
9DC0=@end
9DC2=sfx.panEHL
9DD0=sfx.on
9DD1=music.on
9DD2=demo.mode.on
9DD3=main.start
9DE5=main.disp.loop
9DF3=disp.state
9DFD=game.state
9E00=main.setup
9E22=auto.end
