0000=music.data0
00C9=main.loop
0612=music.data1
3BDB=music.data2
4CCE=music.play2
4CD8=STARTPLAYER
4CDE=PLAYROUTINE
4CE6=BYTE0
4CEE=BYTE1
4CF7=BYTE2
4D00=BYTE3
4D09=BYTE4
4D12=BYTE5
4D1B=BYTE6
4D25=BYTE7
4D2E=BYTEA
4D39=BYTE8
4D42=BYTE9
4D4B=BYTEB
4D55=BYTE10
4D5E=BYTE11
4D67=BYTE14
4D74=BYTE15
4D7E=BYTE16
4D87=BYTE17
4D90=BYTE18
4D9A=BYTE19
4DA4=AFTERSOUNDCHIP
4DB6=NOPATTERND
4DCB=NEXTCOMMAND1
4DD1=JRSTARTS
4E40=DONEWTEMPO
4E48=DOPATTDELAY
4E51=DOJUMPLOOP
4E69=DONEREPEAT
4E6F=NEWREPEAT
4E88=DONEWSONGPOS
4E94=YESSONGPOS
4E9C=DOPATTBREAK
4EB7=NOLOOPSONG
4ECC=DOENVELOPE1
4ED5=DOENVELOPE2
4EDE=DOCUTNOTE1
4EEE=DONOCOMMAND1
4EF9=DOSETVOLUME1
4F0E=DOSETCHORD1
4F35=DOUPSLIDE1
4F4F=DODNSLIDE1
4F66=DOPORTAMENTO1
4F82=PORTAMDN1
4F99=PORTAMUP1
4FB0=DOREPORTAM1
4FBC=DOVIBRATO1
4FD7=DOTREMOLO1
4FF2=DOCUTCHANNEL1
5005=DODELAYNOTE1
501A=DONOORN1
5021=DONOORNINS1
5028=DONEWORN1
5047=DONEWBOTH1
5063=DONEWINST1
507F=DONOTE1
50A8=AFTERCHANGES1
50A9=NEXTCOMMAND2
5106=DOCUTNOTE2
5116=DONOCOMMAND2
5121=DOSETVOLUME2
5136=DOSETCHORD2
515D=DOUPSLIDE2
5177=DODNSLIDE2
518E=DOPORTAMENTO2
51AA=PORTAMDN2
51C1=PORTAMUP2
51D8=DOREPORTAM2
51E4=DOVIBRATO2
51FF=DOTREMOLO2
521A=DOCUTCHANNEL2
522D=DODELAYNOTE2
5242=DONOORN2
5249=DONOORNINS2
5250=DONEWORN2
526F=DONEWBOTH2
528B=DONEWINST2
52A7=DONOTE2
52D0=AFTERCHANGES2
52D1=NEXTCOMMAND3
532B=DOCUTNOTE3
533B=DONOCOMMAND3
5346=DOSETVOLUME3
535B=DOSETCHORD3
5382=DOUPSLIDE3
539C=DODNSLIDE3
53B3=DOPORTAMENTO3
53CF=PORTAMDN3
53E6=PORTAMUP3
53FD=DOREPORTAM3
5409=DOVIBRATO3
5424=DOTREMOLO3
543F=DOCUTCHANNEL3
5452=DODELAYNOTE3
5467=DONOORN3
546E=DONOORNINS3
5475=DONEWORN3
5494=DONEWBOTH3
54B0=DONEWINST3
54CC=DONOTE3
54F5=AFTERCHANGES3
54F6=NEXTCOMMAND4
554D=DOCUTNOTE4
555D=DONOCOMMAND4
5568=DOSETVOLUME4
557D=DOSETCHORD4
55A4=DOUPSLIDE4
55BE=DODNSLIDE4
55D5=DOPORTAMENTO4
55F1=PORTAMDN4
5608=PORTAMUP4
561F=DOREPORTAM4
562B=DOVIBRATO4
5646=DOTREMOLO4
5661=DOCUTCHANNEL4
5674=DODELAYNOTE4
5689=DONOORN4
5690=DONOORNINS4
5697=DONEWORN4
56B6=DONEWBOTH4
56D2=DONEWINST4
56EE=DONOTE4
5717=AFTERCHANGES4
5718=NEXTCOMMAND5
576C=DOCUTNOTE5
577C=DONOCOMMAND5
5787=DOSETVOLUME5
579C=DOSETCHORD5
57C3=DOUPSLIDE5
57DD=DODNSLIDE5
57F4=DOPORTAMENTO5
5810=PORTAMDN5
5827=PORTAMUP5
583E=DOREPORTAM5
584A=DOVIBRATO5
5865=DOTREMOLO5
5880=DOCUTCHANNEL5
5893=DODELAYNOTE5
58A8=DONOORN5
58AF=DONOORNINS5
58B6=DONEWORN5
58D5=DONEWBOTH5
58F1=DONEWINST5
590D=DONOTE5
5936=AFTERCHANGES5
5937=NEXTCOMMAND6
5988=DOCUTNOTE6
5998=DONOCOMMAND6
59A3=DOSETVOLUME6
59B8=DOSETCHORD6
59DF=DOUPSLIDE6
59F9=DODNSLIDE6
5A10=DOPORTAMENTO6
5A2C=PORTAMDN6
5A43=PORTAMUP6
5A5A=DOREPORTAM6
5A66=DOVIBRATO6
5A81=DOTREMOLO6
5A9C=DOCUTCHANNEL6
5AAF=DODELAYNOTE6
5AC4=DONOORN6
5ACB=DONOORNINS6
5AD2=DONEWORN6
5AF1=DONEWBOTH6
5B0D=DONEWINST6
5B29=DONOTE6
5B52=AFTERCHANGES6
5B54=SETADDR
5B58=AFTERSETADDR
5B5C=PATDELAYTEMPO
5B5E=NOCHANGES
5B75=NODELAY1
5B83=NOCUT1
5B98=DOCH1
5BB8=FREQ1
5BC2=NOISE1
5BE5=AFTERORN1
5BEB=ENDEDORN1
5BEE=JPSETVOLUME1
5BF6=NORESETVOLL1
5BFF=NORESETVOLR1
5C04=JPVIBRATO1
5C22=OCTAVIBRA1
5C28=JPTREMOLO1
5C46=OKAYTLCHAN1
5C5B=OKAYTRCHAN1
5C67=JPCHORD1_1
5C7E=JPCHORD1_2
5C95=JPCHORD1_0
5C9D=JPUPSLIDE1
5CB9=NOTOKAYUP1
5CC9=JPDNSLIDE1
5CE5=NOTOKAYDN1
5CF5=AFTERCOMMAND1
5D05=OKAYTONE1
5D0D=AFTERCH1
5D1F=NODELAY2
5D2D=NOCUT2
5D42=DOCH2
5D64=FREQ2
5D70=NOISE2
5D93=AFTERORN2
5D99=ENDEDORN2
5D9C=JPSETVOLUME2
5DA4=NORESETVOLL2
5DAD=NORESETVOLR2
5DB2=JPVIBRATO2
5DD0=OCTAVIBRA2
5DD6=JPTREMOLO2
5DF4=OKAYTLCHAN2
5E09=OKAYTRCHAN2
5E15=JPCHORD2_1
5E2C=JPCHORD2_2
5E43=JPCHORD2_0
5E4B=JPUPSLIDE2
5E67=NOTOKAYUP2
5E77=JPDNSLIDE2
5E93=NOTOKAYDN2
5EA3=AFTERCOMMAND2
5EB3=OKAYTONE2
5EC0=AFTERCH2
5EDA=NODELAY3
5EE8=NOCUT3
5EFD=DOCH3
5F1F=FREQ3
5F2B=NOISE3
5F4E=AFTERORN3
5F54=ENDEDORN3
5F57=JPSETVOLUME3
5F5F=NORESETVOLL3
5F68=NORESETVOLR3
5F6D=JPVIBRATO3
5F8B=OCTAVIBRA3
5F91=JPTREMOLO3
5FAF=OKAYTLCHAN3
5FC4=OKAYTRCHAN3
5FD0=JPCHORD3_1
5FE7=JPCHORD3_2
5FFE=JPCHORD3_0
6006=JPUPSLIDE3
6022=NOTOKAYUP3
6032=JPDNSLIDE3
604E=NOTOKAYDN3
605E=AFTERCOMMAND3
606E=OKAYTONE3
6076=AFTERCH3
6088=NODELAY4
6096=NOCUT4
60AB=DOCH4
60CC=FREQ4
60DC=NOISE4
60FF=AFTERORN4
6105=ENDEDORN4
6108=JPSETVOLUME4
6110=NORESETVOLL4
6119=NORESETVOLR4
611E=JPVIBRATO4
613C=OCTAVIBRA4
6142=JPTREMOLO4
6160=OKAYTLCHAN4
6175=OKAYTRCHAN4
6181=JPCHORD4_1
6198=JPCHORD4_2
61AF=JPCHORD4_0
61B7=JPUPSLIDE4
61D3=NOTOKAYUP4
61E3=JPDNSLIDE4
61FF=NOTOKAYDN4
620F=AFTERCOMMAND4
621F=OKAYTONE4
622C=AFTERCH4
6246=NODELAY5
6254=NOCUT5
6269=DOCH5
628A=FREQ5
629A=NOISE5
62BD=AFTERORN5
62C3=ENDEDORN5
62C6=JPSETVOLUME5
62CE=NORESETVOLL5
62D7=NORESETVOLR5
62DC=JPVIBRATO5
62FA=OCTAVIBRA5
6300=JPTREMOLO5
631E=OKAYTLCHAN5
6333=OKAYTRCHAN5
633F=JPCHORD5_1
6356=JPCHORD5_2
636D=JPCHORD5_0
6375=JPUPSLIDE5
6391=NOTOKAYUP5
63A1=JPDNSLIDE5
63BD=NOTOKAYDN5
63CD=AFTERCOMMAND5
63DD=OKAYTONE5
63E5=AFTERCH5
63F7=NODELAY6
6405=NOCUT6
641A=DOCH6
643B=FREQ6
644B=NOISE6
646E=AFTERORN6
6474=ENDEDORN6
6477=JPSETVOLUME6
647F=NORESETVOLL6
6488=NORESETVOLR6
648D=JPVIBRATO6
64AB=OCTAVIBRA6
64B1=JPTREMOLO6
64CF=OKAYTLCHAN6
64E4=OKAYTRCHAN6
64F0=JPCHORD6_1
6507=JPCHORD6_2
651E=JPCHORD6_0
6526=JPUPSLIDE6
6542=NOTOKAYUP6
6552=JPDNSLIDE6
656E=NOTOKAYDN6
657E=AFTERCOMMAND6
658E=OKAYTONE6
659B=AFTERCH6
65B1=RPLAYERDASH
65B6=SILENTLOOP
6700=VIBRATABLE
6B00=SEMITONETABLE
6B10=ADDORNAMENT
6BD0=SOUNDTABLE
6BE4=ENDPLAYER
6BF1=@skip
6BF8=@loop
6D00=music.volume_table
6E00=MusicCompPage.end
8000=music.lut
8006=music.on
8007=music.page
8008=music.playing
8009=music.volume
800A=music.curr_tune
800B=music.off
8011=@loop
8022=music.setA
8044=maths.multADE
804B=@rest_lo
804E=@skip
804F=music.int2
8051=music.play
8060=@rest_lo
8065=music.set_volA
8077=@rest_lo
8078=maths.seed
807C=maths.rand
807D=sfx.jump_table
80A2=@loop
80A7=@skip
80AB=music.src
80B6=@here
80BD=sfx.example.dataADS
80C5=@loop
80CB=sfx.example.dataR
80D7=sfx.score_point.dataADS
80F2=sfx.score_point.data2ADS
810D=sfx.score_complete.dataADS
8125=sfx.score_complete.data2ADS
813D=sfx.bubble_pop.dataADS
817F=sfx.bonus_arp.dataADS
820F=sfx.bonus_arp.data2ADS
829F=sfx.fanfare.dataADS
82F0=sfx.fanfare.data2ADS
8341=sfx.click.dataADS
834A=sfx.level_complete.dataADS
83CB=sfx.level_complete.data2ADS
844C=sfx.mode
844D=sfx.data
8485=sfx.init.data
84A1=sfx.on
84A2=sfx.volume
84A3=demo.mode.on
8500=sfx.init.out
850F=sfx.soundDABC
8512=sfx.soundDA
8519=sfx.setC.out
852E=@find_slot_loop
853E=@success
8564=@find_sound_loop
8571=@check_release
857A=@set_sound1
85B2=@set_sound2
85BE=@skip
85F9=@rand_size
8618=@quit
861E=sfx.update.out
8644=@rest_lo
864D=@process_effects
865A=@update_loop
8680=@next_slot
868D=sfx.updateIX
8693=@test_live
869E=@test_loop
86AB=@read_pitch
86C8=@skip
86D6=sfx.update2IX
86DC=@test_live
86E7=@test_loop
86F4=@read_pitch
8711=@skip
871F=sfx.attenuateA
8741=@outputIY0
877C=@end
877E=@output2IY3
87C3=@end
87C5=music.mod.end
